Starting a Gradle Daemon, 1 incompatible and 11 stopped Daemons could not be reused, use --status for details
.\android\gradlew.bat : 
At line:1 char:1
+ .\android\gradlew.bat clean assembleRelease --stacktrace > build-outp ...
+ ~~~~~~~~~~~~~~~~~~~~~~~~~~~~~~~~~~~~~~~~~~~~~~~~~~~~~~~~~~~~~~~~~~~~~
    + CategoryInfo          : NotSpecified: (:String) [], RemoteException
    + FullyQualifiedErrorId : NativeCommandError
 
FAILURE: Build failed with an exception.

* What went wrong:
Directory 'C:\Users\dell\Todoist_local_for_expo' does not contain a Gradle 
build.

A Gradle build should contain a 'settings.gradle' or 'settings.gradle.kts' 
file in its root directory. It may also contain a 'build.gradle' or 
'build.gradle.kts' file.

To create a new Gradle build in this directory run 'gradlew init'

For more detail on the 'init' task see 
https://docs.gradle.org/8.0.1/userguide/build_init_plugin.html

For more detail on creating a Gradle build see 
https://docs.gradle.org/8.0.1/userguide/tutorial_using_tasks.html

* Try:
> Run gradlew init to create a new Gradle build in this directory.
> Run with --info or --debug option to get more log output.

* Exception is:
org.gradle.internal.build.BuildLayoutValidator$BuildLayoutException: Directory 
'C:\Users\dell\Todoist_local_for_expo' does not contain a Gradle build.

A Gradle build should contain a 'settings.gradle' or 'settings.gradle.kts' 
file in its root directory. It may also contain a 'build.gradle' or 
'build.gradle.kts' file.

To create a new Gradle build in this directory run 'gradlew init'

For more detail on the 'init' task see 
https://docs.gradle.org/8.0.1/userguide/build_init_plugin.html

For more detail on creating a Gradle build see 
https://docs.gradle.org/8.0.1/userguide/tutorial_using_tasks.html
	at org.gradle.internal.build.BuildLayoutValidator.validate(BuildLayoutValidato
r.java:82)
	at org.gradle.launcher.exec.BuildTreeLifecycleBuildActionExecutor.execute(Buil
dTreeLifecycleBuildActionExecutor.java:49)
	at org.gradle.launcher.exec.RunAsBuildOperationBuildActionExecutor$3.call(RunA
sBuildOperationBuildActionExecutor.java:61)
	at org.gradle.launcher.exec.RunAsBuildOperationBuildActionExecutor$3.call(RunA
sBuildOperationBuildActionExecutor.java:57)
	at org.gradle.internal.operations.DefaultBuildOperationRunner$CallableBuildOpe
rationWorker.execute(DefaultBuildOperationRunner.java:204)
	at org.gradle.internal.operations.DefaultBuildOperationRunner$CallableBuildOpe
rationWorker.execute(DefaultBuildOperationRunner.java:199)
	at org.gradle.internal.operations.DefaultBuildOperationRunner$2.execute(Defaul
tBuildOperationRunner.java:66)
	at org.gradle.internal.operations.DefaultBuildOperationRunner$2.execute(Defaul
tBuildOperationRunner.java:59)
	at org.gradle.internal.operations.DefaultBuildOperationRunner.execute(DefaultB
uildOperationRunner.java:157)
	at org.gradle.internal.operations.DefaultBuildOperationRunner.execute(DefaultB
uildOperationRunner.java:59)
	at org.gradle.internal.operations.DefaultBuildOperationRunner.call(DefaultBuil
dOperationRunner.java:53)
	at org.gradle.internal.operations.DefaultBuildOperationExecutor.call(DefaultBu
ildOperationExecutor.java:73)
	at org.gradle.launcher.exec.RunAsBuildOperationBuildActionExecutor.execute(Run
AsBuildOperationBuildActionExecutor.java:57)
	at org.gradle.launcher.exec.RunAsWorkerThreadBuildActionExecutor.lambda$execut
e$0(RunAsWorkerThreadBuildActionExecutor.java:36)
	at org.gradle.internal.work.DefaultWorkerLeaseService.withLocks(DefaultWorkerL
easeService.java:249)
	at org.gradle.internal.work.DefaultWorkerLeaseService.runAsWorkerThread(Defaul
tWorkerLeaseService.java:109)
	at org.gradle.launcher.exec.RunAsWorkerThreadBuildActionExecutor.execute(RunAs
WorkerThreadBuildActionExecutor.java:36)
	at org.gradle.tooling.internal.provider.continuous.ContinuousBuildActionExecut
or.execute(ContinuousBuildActionExecutor.java:110)
	at org.gradle.tooling.internal.provider.SubscribableBuildActionExecutor.execut
e(SubscribableBuildActionExecutor.java:64)
	at org.gradle.internal.session.DefaultBuildSessionContext.execute(DefaultBuild
SessionContext.java:46)
	at org.gradle.tooling.internal.provider.BuildSessionLifecycleBuildActionExecut
er$ActionImpl.apply(BuildSessionLifecycleBuildActionExecuter.java:100)
	at org.gradle.tooling.internal.provider.BuildSessionLifecycleBuildActionExecut
er$ActionImpl.apply(BuildSessionLifecycleBuildActionExecuter.java:88)
	at 
org.gradle.internal.session.BuildSessionState.run(BuildSessionState.java:69)
	at org.gradle.tooling.internal.provider.BuildSessionLifecycleBuildActionExecut
er.execute(BuildSessionLifecycleBuildActionExecuter.java:62)
	at org.gradle.tooling.internal.provider.BuildSessionLifecycleBuildActionExecut
er.execute(BuildSessionLifecycleBuildActionExecuter.java:41)
	at org.gradle.tooling.internal.provider.StartParamsValidatingActionExecuter.ex
ecute(StartParamsValidatingActionExecuter.java:63)
	at org.gradle.tooling.internal.provider.StartParamsValidatingActionExecuter.ex
ecute(StartParamsValidatingActionExecuter.java:31)
	at org.gradle.tooling.internal.provider.SessionFailureReportingActionExecuter.
execute(SessionFailureReportingActionExecuter.java:50)
	at org.gradle.tooling.internal.provider.SessionFailureReportingActionExecuter.
execute(SessionFailureReportingActionExecuter.java:38)
	at org.gradle.tooling.internal.provider.SetupLoggingActionExecuter.execute(Set
upLoggingActionExecuter.java:47)
	at org.gradle.tooling.internal.provider.SetupLoggingActionExecuter.execute(Set
upLoggingActionExecuter.java:31)
	at org.gradle.launcher.daemon.server.exec.ExecuteBuild.doBuild(ExecuteBuild.ja
va:65)
	at org.gradle.launcher.daemon.server.exec.BuildCommandOnly.execute(BuildComman
dOnly.java:37)
	at org.gradle.launcher.daemon.server.api.DaemonCommandExecution.proceed(Daemon
CommandExecution.java:104)
	at org.gradle.launcher.daemon.server.exec.WatchForDisconnection.execute(WatchF
orDisconnection.java:39)
	at org.gradle.launcher.daemon.server.api.DaemonCommandExecution.proceed(Daemon
CommandExecution.java:104)
	at org.gradle.launcher.daemon.server.exec.ResetDeprecationLogger.execute(Reset
DeprecationLogger.java:29)
	at org.gradle.launcher.daemon.server.api.DaemonCommandExecution.proceed(Daemon
CommandExecution.java:104)
	at org.gradle.launcher.daemon.server.exec.RequestStopIfSingleUsedDaemon.execut
e(RequestStopIfSingleUsedDaemon.java:35)
	at org.gradle.launcher.daemon.server.api.DaemonCommandExecution.proceed(Daemon
CommandExecution.java:104)
	at org.gradle.launcher.daemon.server.exec.ForwardClientInput$2.create(ForwardC
lientInput.java:78)
	at org.gradle.launcher.daemon.server.exec.ForwardClientInput$2.create(ForwardC
lientInput.java:75)
	at org.gradle.util.internal.Swapper.swap(Swapper.java:38)
	at org.gradle.launcher.daemon.server.exec.ForwardClientInput.execute(ForwardCl
ientInput.java:75)
	at org.gradle.launcher.daemon.server.api.DaemonCommandExecution.proceed(Daemon
CommandExecution.java:104)
	at org.gradle.launcher.daemon.server.exec.LogAndCheckHealth.execute(LogAndChec
kHealth.java:64)
	at org.gradle.launcher.daemon.server.api.DaemonCommandExecution.proceed(Daemon
CommandExecution.java:104)
	at 
org.gradle.launcher.daemon.server.exec.LogToClient.doBuild(LogToClient.java:63)
	at org.gradle.launcher.daemon.server.exec.BuildCommandOnly.execute(BuildComman
dOnly.java:37)
	at org.gradle.launcher.daemon.server.api.DaemonCommandExecution.proceed(Daemon
CommandExecution.java:104)
	at org.gradle.launcher.daemon.server.exec.EstablishBuildEnvironment.doBuild(Es
tablishBuildEnvironment.java:84)
	at org.gradle.launcher.daemon.server.exec.BuildCommandOnly.execute(BuildComman
dOnly.java:37)
	at org.gradle.launcher.daemon.server.api.DaemonCommandExecution.proceed(Daemon
CommandExecution.java:104)
	at org.gradle.launcher.daemon.server.exec.StartBuildOrRespondWithBusy$1.run(St
artBuildOrRespondWithBusy.java:52)
	at org.gradle.launcher.daemon.server.DaemonStateCoordinator$1.run(DaemonStateC
oordinator.java:297)
	at org.gradle.internal.concurrent.ExecutorPolicy$CatchAndRecordFailures.onExec
ute(ExecutorPolicy.java:64)
	at org.gradle.internal.concurrent.ManagedExecutorImpl$1.run(ManagedExecutorImp
l.java:49)


* Get more help at https://help.gradle.org

BUILD FAILED in 3s
